spec:
  params:
    - name: ADDR
      description: Address to curl.
      type: string
