spec:
  params:
    - name: ADDR
      value: https://example.com/foo.json
