spec:
  resources:
    inputs:
      - name: skaffold
        type: git
    outputs:
      - name: baked-image
        type: image

  